2
6
6.00
Location three
1
1
1
6
6.00
Location four
1
1
